// Jest Snapshot v1, https://goo.gl/fbAQLP

exports[`throws error if missing properties on builder 1`] = `
Object {
  "Ds_MerchantParameters": "eyJEU19NRVJDSEFOVF9BTU9VTlQiOjMyMCwiRFNfTUVSQ0hBTlRfT1JERVIiOiIwMDAwMDAwMSIsIkRTX01FUkNIQU5UX01FUkNIQU5UQ09ERSI6IjAwMDAwMDAwMCIsIkRTX01FUkNIQU5UX0NVUlJFTkNZIjo5NzgsIkRTX01FUkNIQU5UX1RSQU5TQUNUSU9OVFlQRSI6IjAiLCJEU19NRVJDSEFOVF9URVJNSU5BTCI6IjEiLCJEU19NRVJDSEFOVF9NRVJDSEFOVFVSTCI6Imh0dHA6Ly9mYWFibGUuY29tIiwiRFNfTUVSQ0hBTlRfVVJMT0siOiJodHRwOi8vZmFhYmxlLmNvbS9hY2NlcHQiLCJEU19NRVJDSEFOVF9VUkxLTyI6Imh0dHA6Ly9mYWFibGUuY29tL2NhbmNlbCIsIkRTX01FUkNIQU5UX0NPTlNVTUVSTEFOR1VBR0UiOiIwMDEiLCJEU19NRVJDSEFOVF9USVRVTEFSIjoiTWFyYyBQb21hciIsIkRTX01FUkNIQU5UX01FUkNIQU5UTkFNRSI6IkZhYWJsZS5jb20ifQ==",
  "Ds_Signature": "yGPd0mTXadmMVP/2SzblwBK549F7nEF9EunDpBlV0qE=",
  "Ds_SignatureVersion": "HMAC_SHA256_V1",
  "redsys_url": "https://sis-t.redsys.es:25443/sis/realizarPago",
}
`;

exports[`throws error if missing properties on builder 2`] = `
Object {
  "DS_MERCHANT_AMOUNT": 320,
  "DS_MERCHANT_CONSUMERLANGUAGE": "001",
  "DS_MERCHANT_CURRENCY": 978,
  "DS_MERCHANT_MERCHANTCODE": "000000000",
  "DS_MERCHANT_MERCHANTNAME": "Faable.com",
  "DS_MERCHANT_MERCHANTURL": "http://faable.com",
  "DS_MERCHANT_ORDER": "00000001",
  "DS_MERCHANT_TERMINAL": "1",
  "DS_MERCHANT_TITULAR": "Marc Pomar",
  "DS_MERCHANT_TRANSACTIONTYPE": "0",
  "DS_MERCHANT_URLKO": "http://faable.com/cancel",
  "DS_MERCHANT_URLOK": "http://faable.com/accept",
}
`;
